debug -1
write (md)0x220+1 !BAT\necho -n -P:0000 $[0133]      Offline Installer                                                 \0
initscript (md)0x220+1

/menuset 0 0 0 0 0 0    7   66    3    12  16

splashimage=/bkg.xpm.gz
foreground=A9A9A9
background=000000

### MENU START
title Windows\nThe boot process takes some minutes, please choose and wait.
ls /images/offlineinstallwin.iso || find --set-root /images/offlineinstallwin.iso
map --heads=0 --sectors-per-track=0 /images/offlineinstallwin.iso (0xff) || map --heads=0 --sectors-per-track=0 --mem /images/offlineinstallwin.iso (0xff)
map --hook
chainloader (0xff)
### MENU END


### MENU START
title Mac OS X\nThe boot process takes some minutes, please choose and wait.
ls /images/offlineinstalllin.iso || find --set-root /images/offlineinstalllin.iso
map --heads=0 --sectors-per-track=0 /images/offlineinstalllin.iso (0xff) || map --heads=0 --sectors-per-track=0 --mem /images/offlineinstalllin.iso (0xff)
map --hook
chainloader (0xff)
### MENU END


### MENU START
title Linux\nThe boot process takes some minutes, please choose and wait.
ls /images/offlineinstalllin.iso || find --set-root /images/offlineinstalllin.iso
map --heads=0 --sectors-per-track=0 /images/offlineinstalllin.iso (0xff) || map --heads=0 --sectors-per-track=0 --mem /images/offlineinstalllin.iso (0xff)
map --hook
chainloader (0xff)
### MENU END
